// Jest Snapshot v1, https://goo.gl/fbAQLP

exports[`about component snapshot 1`] = `
<section
  class="section"
>
  <div
    class="container has-text-centered"
  >
    <h1>
      About Furet UI
    </h1>
     
    <ul>
      <li>
        <strong>
          version
        </strong>
         0.0.0
      </li>
    </ul>
  </div>
</section>
`;
