// Jest Snapshot v1, https://goo.gl/fbAQLP

exports[`LeftMenu component Render Left Menu with default value from store 1`] = `<!---->`;

exports[`LeftMenu component Render Left Menu with value from store 1`] = `<!---->`;

exports[`LeftMenu component Render Left Menu with value from store 2`] = `<a data-server-rendered="true" class="nav-item"><a class="button"><span class="icon"><i class="fa fa-user"></i></span> <span> Login </span></a></a>`;

exports[`Menu component Render Menu with value from store open 1`] = `<!---->`;

exports[`Menu component Render Menu with value from store open 2`] = `<a data-server-rendered="true" class="nav-item"><a class="button"><span class="icon"><i class="fa fa-user"></i></span> <span> Login </span></a></a>`;

exports[`Menu component Render Menu with value from store open and filtering 1`] = `<!---->`;

exports[`Menu component Render Menu with value from store open and filtering 2`] = `<a data-server-rendered="true" class="nav-item"><a class="button"><span class="icon"><i class="fa fa-user"></i></span> <span> Login </span></a></a>`;

exports[`Menu component Render Menu with value from store open and select custom view 1`] = `<!---->`;

exports[`Menu component Render Menu with value from store open and select custom view 2`] = `<a data-server-rendered="true" class="nav-item"><a class="button"><span class="icon"><i class="fa fa-user"></i></span> <span> Login </span></a></a>`;

exports[`Menu component Render Menu with value from store open and select custom view 3`] = `<a data-server-rendered="true" class="nav-item"><a class="button"><span class="icon"><i class="fa fa-user"></i></span> <span> Login </span></a></a>`;

exports[`Menu component Render Menu with value from store open and select space 1`] = `<!---->`;

exports[`Menu component Render Menu with value from store open and select space 2`] = `<a data-server-rendered="true" class="nav-item"><a class="button"><span class="icon"><i class="fa fa-user"></i></span> <span> Login </span></a></a>`;

exports[`Menu component Render Menu with value from store open and select space 3`] = `<a data-server-rendered="true" class="nav-item"><a class="button"><span class="icon"><i class="fa fa-trash"></i></span> <span> New Space </span></a></a>`;

exports[`RightMenu component Render Right Menu with default value from store 1`] = `<!---->`;

exports[`RightMenu component Render Right Menu with value from store 1`] = `<!---->`;

exports[`RightMenu component Render Right Menu with value from store 2`] = `<a data-server-rendered="true" class="nav-item"><a class="button"><span class="icon"><i class="fa fa-user"></i></span> <span> Login </span></a></a>`;
