// Jest Snapshot v1, https://goo.gl/fbAQLP

exports[`String Form component Render 1`] = `<span data-label="" data-server-rendered="true" class="tooltip is-primary is-top is-medium" style="width:100%;"><div class="field" style="width:inherit;"><!----> <div class="quillWrapper"><div id="quill-container"></div></div> <!----></div></span>`;

exports[`String Form component Render invisible condition is false 1`] = `<span data-label="" data-server-rendered="true" class="tooltip is-primary is-top is-medium" style="width:100%;"><div class="field" style="width:inherit;"><!----> <div class="quillWrapper"><div id="quill-container"></div></div> <!----></div></span>`;

exports[`String Form component Render invisible condition is true 1`] = `<div data-server-rendered="true"></div>`;

exports[`String Form component Render invisible is True 1`] = `<div data-server-rendered="true"></div>`;

exports[`String Form component Render invisible is false 1`] = `<span data-label="" data-server-rendered="true" class="tooltip is-primary is-top is-medium" style="width:100%;"><div class="field" style="width:inherit;"><!----> <div class="quillWrapper"><div id="quill-container"></div></div> <!----></div></span>`;

exports[`String Form component Render label 1`] = `<span data-label="" data-server-rendered="true" class="tooltip is-primary is-top is-medium" style="width:100%;"><div class="field" style="width:inherit;"><label class="label">The label</label> <div class="quillWrapper"><div id="quill-container"></div></div> <!----></div></span>`;

exports[`String Form component Render mode readonly by config 1`] = `<span data-label="" data-server-rendered="true" class="tooltip is-primary is-top is-medium" style="width:100%;"><div class="field" style="width:inherit;"><!----> <div class="box content is-small"><p>The text</p></div> <!----></div></span>`;

exports[`String Form component Render mode readonly conditional param 1`] = `<span data-label="" data-server-rendered="true" class="tooltip is-primary is-top is-medium" style="width:100%;"><div class="field" style="width:inherit;"><!----> <div class="box content is-small"><p>The text</p></div> <!----></div></span>`;

exports[`String Form component Render mode readonly param 1`] = `<span data-label="" data-server-rendered="true" class="tooltip is-primary is-top is-medium" style="width:100%;"><div class="field" style="width:inherit;"><!----> <div class="box content is-small"><p>The text</p></div> <!----></div></span>`;

exports[`String Form component Render placeholder 1`] = `<span data-label="" data-server-rendered="true" class="tooltip is-primary is-top is-medium" style="width:100%;"><div class="field" style="width:inherit;"><!----> <div class="quillWrapper"><div id="quill-container"></div></div> <!----></div></span>`;

exports[`String Form component Render required 1`] = `<span data-label="" data-server-rendered="true" class="tooltip is-primary is-top is-medium" style="width:100%;"><div class="field" style="width:inherit;"><!----> <div class="quillWrapper"><div id="quill-container"></div></div> <!----></div></span>`;

exports[`String Form component Render required conditionnal 1`] = `<span data-label="" data-server-rendered="true" class="tooltip is-primary is-top is-medium" style="width:100%;"><div class="field" style="width:inherit;"><!----> <div class="quillWrapper"><div id="quill-container"></div></div> <!----></div></span>`;

exports[`String Form component Render required without value 1`] = `<span data-label="" data-server-rendered="true" class="tooltip is-primary is-top is-medium" style="width:100%;"><div class="field" style="width:inherit;"><!----> <div class="quillWrapper"><div id="quill-container"></div></div> <p class="help is-danger">this field is required</p></div></span>`;

exports[`String Form component Render tooltip left 1`] = `<span data-label="The left tooltip" data-server-rendered="true" class="tooltip is-primary is-left is-medium" style="width:100%;"><div class="field" style="width:inherit;"><!----> <div class="quillWrapper"><div id="quill-container"></div></div> <!----></div></span>`;

exports[`String Form component Render tooltip up 1`] = `<span data-label="The tooltip" data-server-rendered="true" class="tooltip is-primary is-top is-medium" style="width:100%;"><div class="field" style="width:inherit;"><!----> <div class="quillWrapper"><div id="quill-container"></div></div> <!----></div></span>`;

exports[`String Form component Render without data 1`] = `<span data-label="" data-server-rendered="true" class="tooltip is-primary is-top is-medium" style="width:100%;"><div class="field" style="width:inherit;"><!----> <div class="quillWrapper"><div id="quill-container"></div></div> <!----></div></span>`;

exports[`String Thumbnail component Render 1`] = `<span data-label="" data-server-rendered="true" class="tooltip is-primary is-top is-medium" style="width:100%;"><div class="field" style="width:inherit;"><!----> <div class="box content is-small" style="width:100%;"><p>The text</p></div> <!----></div></span>`;

exports[`String Thumbnail component Render invisible condition is false 1`] = `<span data-label="" data-server-rendered="true" class="tooltip is-primary is-top is-medium" style="width:100%;"><div class="field" style="width:inherit;"><!----> <div class="box content is-small" style="width:100%;"><p>The text</p></div> <!----></div></span>`;

exports[`String Thumbnail component Render invisible condition is true 1`] = `<div data-server-rendered="true"></div>`;

exports[`String Thumbnail component Render invisible is True 1`] = `<div data-server-rendered="true"></div>`;

exports[`String Thumbnail component Render invisible is false 1`] = `<span data-label="" data-server-rendered="true" class="tooltip is-primary is-top is-medium" style="width:100%;"><div class="field" style="width:inherit;"><!----> <div class="box content is-small" style="width:100%;"><p>The text</p></div> <!----></div></span>`;

exports[`String Thumbnail component Render label 1`] = `<span data-label="" data-server-rendered="true" class="tooltip is-primary is-top is-medium" style="width:100%;"><div class="field" style="width:inherit;"><label class="label">The label</label> <div class="box content is-small" style="width:100%;"><p>The text</p></div> <!----></div></span>`;

exports[`String Thumbnail component Render tooltip left 1`] = `<span data-label="The left tooltip" data-server-rendered="true" class="tooltip is-primary is-left is-medium" style="width:100%;"><div class="field" style="width:inherit;"><!----> <div class="box content is-small" style="width:100%;"><p>The text</p></div> <!----></div></span>`;

exports[`String Thumbnail component Render tooltip up 1`] = `<span data-label="The tooltip" data-server-rendered="true" class="tooltip is-primary is-top is-medium" style="width:100%;"><div class="field" style="width:inherit;"><!----> <div class="box content is-small" style="width:100%;"><p>The text</p></div> <!----></div></span>`;

exports[`String Thumbnail component Render without data 1`] = `<span data-label="" data-server-rendered="true" class="tooltip is-primary is-top is-medium" style="width:100%;"><div class="field" style="width:inherit;"><!----> <div class="box content is-small" style="width:100%;"></div> <!----></div></span>`;

exports[`String list component Render invisible condition is false 1`] = `
<div data-server-rendered="true" class="content is-small" style="width:100%;">
    <p>The text</p>
</div>
`;

exports[`String list component Render invisible condition is true 1`] = `<span data-server-rendered="true"></span>`;

exports[`String list component Render invisible is True 1`] = `<span data-server-rendered="true"></span>`;

exports[`String list component Render invisible is false 1`] = `
<div data-server-rendered="true" class="content is-small" style="width:100%;">
    <p>The text</p>
</div>
`;

exports[`String list component Render with data 1`] = `
<div data-server-rendered="true" class="content is-small" style="width:100%;">
    <p>The text</p>
</div>
`;

exports[`String list component Render without data 1`] = `<div data-server-rendered="true" class="content is-small" style="width:100%;"></div>`;
