// Jest Snapshot v1, https://goo.gl/fbAQLP

exports[`app component snapshot: init 1`] = `
<div
  class="container has-text-centered"
>
  <form>
    <div
      class="container"
    >
      <!---->
    </div>
     
    <div
      class="field"
    >
      <label
        class="label"
      >
        User name
      </label>
       
      <div
        class="control is-expanded is-clearfix"
      >
        <input
          autocomplete="on"
          class="input"
          type="text"
        />
         
        <!---->
         
        <!---->
         
        <!---->
      </div>
       
      <!---->
    </div>
     
    <div
      class="field"
    >
      <label
        class="label"
      >
        Password
      </label>
       
      <div
        class="control has-icons-right is-expanded is-clearfix"
      >
        <input
          autocomplete="on"
          class="input"
          type="password"
        />
         
        <!---->
         
        <span
          class="icon is-right has-text-primary is-clickable"
        >
          <i
            class="fa fa-eye fa-lg"
          />
        </span>
         
        <!---->
      </div>
       
      <!---->
    </div>
     
    <br />
     
    <div
      class="buttons"
    >
      <button
        class="button is-primary is-fullwidth"
        disabled="disabled"
        type="submit"
      >
        <!---->
         
        <span>
          
           Log in
           
        </span>
         
        <!---->
      </button>
    </div>
  </form>
</div>
`;

exports[`app component snapshot: with auth and errors 1`] = `
<div
  class="container has-text-centered"
>
  <form>
    <div
      class="container"
    >
      <!---->
    </div>
     
    <div
      class="field"
    >
      <label
        class="label"
      >
        User name
      </label>
       
      <div
        class="control is-expanded is-clearfix"
      >
        <input
          autocomplete="on"
          class="input"
          type="text"
        />
         
        <!---->
         
        <!---->
         
        <!---->
      </div>
       
      <!---->
    </div>
     
    <div
      class="field"
    >
      <label
        class="label"
      >
        Password
      </label>
       
      <div
        class="control has-icons-right is-expanded is-clearfix"
      >
        <input
          autocomplete="on"
          class="input"
          type="password"
        />
         
        <!---->
         
        <span
          class="icon is-right has-text-primary is-clickable"
        >
          <i
            class="fa fa-eye fa-lg"
          />
        </span>
         
        <!---->
      </div>
       
      <!---->
    </div>
     
    <br />
     
    <div
      class="buttons"
    >
      <button
        class="button is-primary is-fullwidth"
        disabled="disabled"
        type="submit"
      >
        <!---->
         
        <span>
          
           Log in
           
        </span>
         
        <!---->
      </button>
    </div>
  </form>
</div>
`;
